Archive member included to satisfy reference by file (symbol)

c:/program files/microchip/xc8/v2.32/avr/bin/../lib/gcc/avr/5.4.0/avrxmega3\libgcc.a(_udivmodhi4.o)
                              build/default/production/FreeRTOS/Source/queue.o (__udivmodhi4)
c:/program files/microchip/xc8/v2.32/avr/bin/../lib/gcc/avr/5.4.0/avrxmega3\libgcc.a(_exit.o)
                              C:/Program Files/Microchip/MPLABX/v5.50/packs/Microchip/ATmega_DFP/2.3.126/xc8/avr/lib/avrxmega3/crtatmega4809.o (exit)
c:/program files/microchip/xc8/v2.32/avr/bin/../lib/gcc/avr/5.4.0/avrxmega3\libgcc.a(_tablejump2.o)
                              build/default/production/FreeRTOS/Source/timers.o (__tablejump2__)
c:/program files/microchip/xc8/v2.32/avr/bin/../lib/gcc/avr/5.4.0/avrxmega3\libgcc.a(_copy_data.o)
                              build/default/production/FreeRTOS/Source/tasks.o (__do_copy_data)
c:/program files/microchip/xc8/v2.32/avr/bin/../lib/gcc/avr/5.4.0/../../../../avr/lib/avrxmega3\libc.a(memcpy.o)
                              build/default/production/FreeRTOS/Source/queue.o (memcpy)

Allocating common symbols
Common symbol       size              file

xQueueRegistry      0x8               build/default/production/FreeRTOS/Source/queue.o
intQueueForDriver   0x2               build/default/production/main.o
charQueueForError   0x2               build/default/production/main.o

Discarded input sections

 .data          0x0000000000000000        0x0 C:/Program Files/Microchip/MPLABX/v5.50/packs/Microchip/ATmega_DFP/2.3.126/xc8/avr/lib/avrxmega3/crtatmega4809.o
 .bss           0x0000000000000000        0x0 C:/Program Files/Microchip/MPLABX/v5.50/packs/Microchip/ATmega_DFP/2.3.126/xc8/avr/lib/avrxmega3/crtatmega4809.o
 .text          0x0000000000000000        0x0 build/default/production/FreeRTOS/Source/list.o
 .data          0x0000000000000000        0x0 build/default/production/FreeRTOS/Source/list.o
 .bss           0x0000000000000000        0x0 build/default/production/FreeRTOS/Source/list.o
 .text.vListInsertEnd
                0x0000000000000000       0x42 build/default/production/FreeRTOS/Source/list.o
 .text          0x0000000000000000        0x0 build/default/production/FreeRTOS/Source/queue.o
 .data          0x0000000000000000        0x0 build/default/production/FreeRTOS/Source/queue.o
 .bss           0x0000000000000000        0x0 build/default/production/FreeRTOS/Source/queue.o
 .text.xQueueCreateMutex
                0x0000000000000000       0x34 build/default/production/FreeRTOS/Source/queue.o
 .text.xQueueGiveMutexRecursive
                0x0000000000000000       0x46 build/default/production/FreeRTOS/Source/queue.o
 .text.xQueueGenericSendFromISR
                0x0000000000000000       0x78 build/default/production/FreeRTOS/Source/queue.o
 .text.xQueueGiveFromISR
                0x0000000000000000       0x52 build/default/production/FreeRTOS/Source/queue.o
 .text.xQueueSemaphoreTake
                0x0000000000000000      0x190 build/default/production/FreeRTOS/Source/queue.o
 .text.xQueueTakeMutexRecursive
                0x0000000000000000       0x48 build/default/production/FreeRTOS/Source/queue.o
 .text.xQueuePeek
                0x0000000000000000      0x128 build/default/production/FreeRTOS/Source/queue.o
 .text.xQueueReceiveFromISR
                0x0000000000000000       0x6e build/default/production/FreeRTOS/Source/queue.o
 .text.xQueuePeekFromISR
                0x0000000000000000       0x2e build/default/production/FreeRTOS/Source/queue.o
 .text.uxQueueMessagesWaiting
                0x0000000000000000       0x10 build/default/production/FreeRTOS/Source/queue.o
 .text.uxQueueSpacesAvailable
                0x0000000000000000       0x14 build/default/production/FreeRTOS/Source/queue.o
 .text.uxQueueMessagesWaitingFromISR
                0x0000000000000000        0x6 build/default/production/FreeRTOS/Source/queue.o
 .text.xQueueIsQueueEmptyFromISR
                0x0000000000000000        0xc build/default/production/FreeRTOS/Source/queue.o
 .text.xQueueIsQueueFullFromISR
                0x0000000000000000        0xe build/default/production/FreeRTOS/Source/queue.o
 .text.xQueueCRSend
                0x0000000000000000       0x72 build/default/production/FreeRTOS/Source/queue.o
 .text.xQueueCRReceive
                0x0000000000000000       0x92 build/default/production/FreeRTOS/Source/queue.o
 .text.xQueueCRSendFromISR
                0x0000000000000000       0x48 build/default/production/FreeRTOS/Source/queue.o
 .text.xQueueCRReceiveFromISR
                0x0000000000000000       0x82 build/default/production/FreeRTOS/Source/queue.o
 .text.pcQueueGetName
                0x0000000000000000       0x40 build/default/production/FreeRTOS/Source/queue.o
 .text.vQueueUnregisterQueue
                0x0000000000000000       0x3c build/default/production/FreeRTOS/Source/queue.o
 .text.vQueueDelete
                0x0000000000000000       0x16 build/default/production/FreeRTOS/Source/queue.o
 .text          0x0000000000000000        0x0 build/default/production/FreeRTOS/Source/tasks.o
 .data          0x0000000000000000        0x0 build/default/production/FreeRTOS/Source/tasks.o
 .bss           0x0000000000000000        0x0 build/default/production/FreeRTOS/Source/tasks.o
 .text.vTaskPrioritySet
                0x0000000000000000      0x13a build/default/production/FreeRTOS/Source/tasks.o
 .text.vTaskResume
                0x0000000000000000       0xe6 build/default/production/FreeRTOS/Source/tasks.o
 .text.vTaskEndScheduler
                0x0000000000000000        0xc build/default/production/FreeRTOS/Source/tasks.o
 .text.xTaskGetTickCountFromISR
                0x0000000000000000        0xa build/default/production/FreeRTOS/Source/tasks.o
 .text.uxTaskGetNumberOfTasks
                0x0000000000000000        0x6 build/default/production/FreeRTOS/Source/tasks.o
 .text.pcTaskGetName
                0x0000000000000000       0x10 build/default/production/FreeRTOS/Source/tasks.o
 .text.xTaskDelayUntil
                0x0000000000000000       0x8e build/default/production/FreeRTOS/Source/tasks.o
 .text.vTaskDelay
                0x0000000000000000       0x28 build/default/production/FreeRTOS/Source/tasks.o
 .text.xTaskCatchUpTicks
                0x0000000000000000       0x28 build/default/production/FreeRTOS/Source/tasks.o
 .text.vTaskSuspend
                0x0000000000000000       0xa4 build/default/production/FreeRTOS/Source/tasks.o
 .text.vTaskPlaceOnUnorderedEventList
                0x0000000000000000       0x8c build/default/production/FreeRTOS/Source/tasks.o
 .text.vTaskRemoveFromUnorderedEventList
                0x0000000000000000      0x14e build/default/production/FreeRTOS/Source/tasks.o
 .text.vTaskSetTimeOutState
                0x0000000000000000       0x20 build/default/production/FreeRTOS/Source/tasks.o
 .text.xTaskGetCurrentTaskHandle
                0x0000000000000000        0xa build/default/production/FreeRTOS/Source/tasks.o
 .text.xTaskGetSchedulerState
                0x0000000000000000       0x1c build/default/production/FreeRTOS/Source/tasks.o
 .text.xTaskPriorityInherit
                0x0000000000000000      0x128 build/default/production/FreeRTOS/Source/tasks.o
 .text.vTaskPriorityDisinheritAfterTimeout
                0x0000000000000000       0xe6 build/default/production/FreeRTOS/Source/tasks.o
 .text.uxTaskResetEventItemValue
                0x0000000000000000       0x2e build/default/production/FreeRTOS/Source/tasks.o
 .text.pvTaskIncrementMutexHeldCount
                0x0000000000000000       0x24 build/default/production/FreeRTOS/Source/tasks.o
 .text.ulTaskGenericNotifyTake
                0x0000000000000000      0x102 build/default/production/FreeRTOS/Source/tasks.o
 .text.xTaskGenericNotifyWait
                0x0000000000000000      0x142 build/default/production/FreeRTOS/Source/tasks.o
 .text.xTaskGenericNotify
                0x0000000000000000      0x204 build/default/production/FreeRTOS/Source/tasks.o
 .text.xTaskGenericNotifyFromISR
                0x0000000000000000      0x258 build/default/production/FreeRTOS/Source/tasks.o
 .text.vTaskGenericNotifyGiveFromISR
                0x0000000000000000      0x194 build/default/production/FreeRTOS/Source/tasks.o
 .text.xTaskGenericNotifyStateClear
                0x0000000000000000       0x34 build/default/production/FreeRTOS/Source/tasks.o
 .text.ulTaskGenericNotifyValueClear
                0x0000000000000000       0x68 build/default/production/FreeRTOS/Source/tasks.o
 .text          0x0000000000000000        0x0 build/default/production/FreeRTOS/Source/timers.o
 .data          0x0000000000000000        0x0 build/default/production/FreeRTOS/Source/timers.o
 .bss           0x0000000000000000        0x0 build/default/production/FreeRTOS/Source/timers.o
 .text.xTimerCreate
                0x0000000000000000       0x6e build/default/production/FreeRTOS/Source/timers.o
 .text.xTimerGenericCommand
                0x0000000000000000       0x8c build/default/production/FreeRTOS/Source/timers.o
 .text.xTimerGetTimerDaemonTaskHandle
                0x0000000000000000        0xa build/default/production/FreeRTOS/Source/timers.o
 .text.xTimerGetPeriod
                0x0000000000000000        0x8 build/default/production/FreeRTOS/Source/timers.o
 .text.vTimerSetReloadMode
                0x0000000000000000       0x22 build/default/production/FreeRTOS/Source/timers.o
 .text.uxTimerGetReloadMode
                0x0000000000000000       0x16 build/default/production/FreeRTOS/Source/timers.o
 .text.xTimerGetExpiryTime
                0x0000000000000000        0x8 build/default/production/FreeRTOS/Source/timers.o
 .text.pcTimerGetName
                0x0000000000000000        0x8 build/default/production/FreeRTOS/Source/timers.o
 .text.xTimerIsTimerActive
                0x0000000000000000       0x12 build/default/production/FreeRTOS/Source/timers.o
 .text.pvTimerGetTimerID
                0x0000000000000000       0x12 build/default/production/FreeRTOS/Source/timers.o
 .text.vTimerSetTimerID
                0x0000000000000000       0x12 build/default/production/FreeRTOS/Source/timers.o
 .text          0x0000000000000000        0x0 build/default/production/FreeRTOS/Source/portable/ThirdParty/Partner-Supported-Ports/GCC/AVR_Mega0/port.o
 .data          0x0000000000000000        0x0 build/default/production/FreeRTOS/Source/portable/ThirdParty/Partner-Supported-Ports/GCC/AVR_Mega0/port.o
 .bss           0x0000000000000000        0x0 build/default/production/FreeRTOS/Source/portable/ThirdParty/Partner-Supported-Ports/GCC/AVR_Mega0/port.o
 .text.vPortEndScheduler
                0x0000000000000000        0x2 build/default/production/FreeRTOS/Source/portable/ThirdParty/Partner-Supported-Ports/GCC/AVR_Mega0/port.o
 .text.vPortYieldFromISR
                0x0000000000000000       0xb2 build/default/production/FreeRTOS/Source/portable/ThirdParty/Partner-Supported-Ports/GCC/AVR_Mega0/port.o
 .text          0x0000000000000000        0x0 build/default/production/FreeRTOS/Source/portable/MemMang/heap_1.o
 .data          0x0000000000000000        0x0 build/default/production/FreeRTOS/Source/portable/MemMang/heap_1.o
 .bss           0x0000000000000000        0x0 build/default/production/FreeRTOS/Source/portable/MemMang/heap_1.o
 .text.vPortInitialiseBlocks
                0x0000000000000000        0xa build/default/production/FreeRTOS/Source/portable/MemMang/heap_1.o
 .text.xPortGetFreeHeapSize
                0x0000000000000000       0x12 build/default/production/FreeRTOS/Source/portable/MemMang/heap_1.o
 .text          0x0000000000000000        0x0 build/default/production/main.o
 .data          0x0000000000000000        0x0 build/default/production/main.o
 .bss           0x0000000000000000        0x0 build/default/production/main.o
 .text          0x0000000000000000        0x0 c:/program files/microchip/xc8/v2.32/avr/bin/../lib/gcc/avr/5.4.0/avrxmega3\libgcc.a(_udivmodhi4.o)
 .data          0x0000000000000000        0x0 c:/program files/microchip/xc8/v2.32/avr/bin/../lib/gcc/avr/5.4.0/avrxmega3\libgcc.a(_udivmodhi4.o)
 .bss           0x0000000000000000        0x0 c:/program files/microchip/xc8/v2.32/avr/bin/../lib/gcc/avr/5.4.0/avrxmega3\libgcc.a(_udivmodhi4.o)
 .text.libgcc.mul
                0x0000000000000000        0x0 c:/program files/microchip/xc8/v2.32/avr/bin/../lib/gcc/avr/5.4.0/avrxmega3\libgcc.a(_udivmodhi4.o)
 .stack.descriptors
                0x0000000000000000       0x1a c:/program files/microchip/xc8/v2.32/avr/bin/../lib/gcc/avr/5.4.0/avrxmega3\libgcc.a(_udivmodhi4.o)
 .text.libgcc   0x0000000000000000        0x0 c:/program files/microchip/xc8/v2.32/avr/bin/../lib/gcc/avr/5.4.0/avrxmega3\libgcc.a(_udivmodhi4.o)
 .text.libgcc.prologue
                0x0000000000000000        0x0 c:/program files/microchip/xc8/v2.32/avr/bin/../lib/gcc/avr/5.4.0/avrxmega3\libgcc.a(_udivmodhi4.o)
 .text.libgcc.builtins
                0x0000000000000000        0x0 c:/program files/microchip/xc8/v2.32/avr/bin/../lib/gcc/avr/5.4.0/avrxmega3\libgcc.a(_udivmodhi4.o)
 .text.libgcc.fmul
                0x0000000000000000        0x0 c:/program files/microchip/xc8/v2.32/avr/bin/../lib/gcc/avr/5.4.0/avrxmega3\libgcc.a(_udivmodhi4.o)
 .text.libgcc.fixed
                0x0000000000000000        0x0 c:/program files/microchip/xc8/v2.32/avr/bin/../lib/gcc/avr/5.4.0/avrxmega3\libgcc.a(_udivmodhi4.o)
 .text          0x0000000000000000        0x0 c:/program files/microchip/xc8/v2.32/avr/bin/../lib/gcc/avr/5.4.0/avrxmega3\libgcc.a(_exit.o)
 .data          0x0000000000000000        0x0 c:/program files/microchip/xc8/v2.32/avr/bin/../lib/gcc/avr/5.4.0/avrxmega3\libgcc.a(_exit.o)
 .bss           0x0000000000000000        0x0 c:/program files/microchip/xc8/v2.32/avr/bin/../lib/gcc/avr/5.4.0/avrxmega3\libgcc.a(_exit.o)
 .text.libgcc.mul
                0x0000000000000000        0x0 c:/program files/microchip/xc8/v2.32/avr/bin/../lib/gcc/avr/5.4.0/avrxmega3\libgcc.a(_exit.o)
 .text.libgcc.div
                0x0000000000000000        0x0 c:/program files/microchip/xc8/v2.32/avr/bin/../lib/gcc/avr/5.4.0/avrxmega3\libgcc.a(_exit.o)
 .text.libgcc   0x0000000000000000        0x0 c:/program files/microchip/xc8/v2.32/avr/bin/../lib/gcc/avr/5.4.0/avrxmega3\libgcc.a(_exit.o)
 .text.libgcc.prologue
                0x0000000000000000        0x0 c:/program files/microchip/xc8/v2.32/avr/bin/../lib/gcc/avr/5.4.0/avrxmega3\libgcc.a(_exit.o)
 .stack.descriptors
                0x0000000000000000       0x13 c:/program files/microchip/xc8/v2.32/avr/bin/../lib/gcc/avr/5.4.0/avrxmega3\libgcc.a(_exit.o)
 .text.libgcc.builtins
                0x0000000000000000        0x0 c:/program files/microchip/xc8/v2.32/avr/bin/../lib/gcc/avr/5.4.0/avrxmega3\libgcc.a(_exit.o)
 .text.libgcc.fmul
                0x0000000000000000        0x0 c:/program files/microchip/xc8/v2.32/avr/bin/../lib/gcc/avr/5.4.0/avrxmega3\libgcc.a(_exit.o)
 .text.libgcc.fixed
                0x0000000000000000        0x0 c:/program files/microchip/xc8/v2.32/avr/bin/../lib/gcc/avr/5.4.0/avrxmega3\libgcc.a(_exit.o)
 .text          0x0000000000000000        0x0 c:/program files/microchip/xc8/v2.32/avr/bin/../lib/gcc/avr/5.4.0/avrxmega3\libgcc.a(_tablejump2.o)
 .data          0x0000000000000000        0x0 c:/program files/microchip/xc8/v2.32/avr/bin/../lib/gcc/avr/5.4.0/avrxmega3\libgcc.a(_tablejump2.o)
 .bss           0x0000000000000000        0x0 c:/program files/microchip/xc8/v2.32/avr/bin/../lib/gcc/avr/5.4.0/avrxmega3\libgcc.a(_tablejump2.o)
 .text.libgcc.mul
                0x0000000000000000        0x0 c:/program files/microchip/xc8/v2.32/avr/bin/../lib/gcc/avr/5.4.0/avrxmega3\libgcc.a(_tablejump2.o)
 .text.libgcc.div
                0x0000000000000000        0x0 c:/program files/microchip/xc8/v2.32/avr/bin/../lib/gcc/avr/5.4.0/avrxmega3\libgcc.a(_tablejump2.o)
 .text.libgcc.prologue
                0x0000000000000000        0x0 c:/program files/microchip/xc8/v2.32/avr/bin/../lib/gcc/avr/5.4.0/avrxmega3\libgcc.a(_tablejump2.o)
 .stack.descriptors
                0x0000000000000000       0x1c c:/program files/microchip/xc8/v2.32/avr/bin/../lib/gcc/avr/5.4.0/avrxmega3\libgcc.a(_tablejump2.o)
 .text.libgcc.builtins
                0x0000000000000000        0x0 c:/program files/microchip/xc8/v2.32/avr/bin/../lib/gcc/avr/5.4.0/avrxmega3\libgcc.a(_tablejump2.o)
 .text.libgcc.fmul
                0x0000000000000000        0x0 c:/program files/microchip/xc8/v2.32/avr/bin/../lib/gcc/avr/5.4.0/avrxmega3\libgcc.a(_tablejump2.o)
 .text.libgcc.fixed
                0x0000000000000000        0x0 c:/program files/microchip/xc8/v2.32/avr/bin/../lib/gcc/avr/5.4.0/avrxmega3\libgcc.a(_tablejump2.o)
 .text          0x0000000000000000        0x0 c:/program files/microchip/xc8/v2.32/avr/bin/../lib/gcc/avr/5.4.0/avrxmega3\libgcc.a(_copy_data.o)
 .data          0x0000000000000000        0x0 c:/program files/microchip/xc8/v2.32/avr/bin/../lib/gcc/avr/5.4.0/avrxmega3\libgcc.a(_copy_data.o)
 .bss           0x0000000000000000        0x0 c:/program files/microchip/xc8/v2.32/avr/bin/../lib/gcc/avr/5.4.0/avrxmega3\libgcc.a(_copy_data.o)
 .text.libgcc.mul
                0x0000000000000000        0x0 c:/program files/microchip/xc8/v2.32/avr/bin/../lib/gcc/avr/5.4.0/avrxmega3\libgcc.a(_copy_data.o)
 .text.libgcc.div
                0x0000000000000000        0x0 c:/program files/microchip/xc8/v2.32/avr/bin/../lib/gcc/avr/5.4.0/avrxmega3\libgcc.a(_copy_data.o)
 .text.libgcc   0x0000000000000000        0x0 c:/program files/microchip/xc8/v2.32/avr/bin/../lib/gcc/avr/5.4.0/avrxmega3\libgcc.a(_copy_data.o)
 .text.libgcc.prologue
                0x0000000000000000        0x0 c:/program files/microchip/xc8/v2.32/avr/bin/../lib/gcc/avr/5.4.0/avrxmega3\libgcc.a(_copy_data.o)
 .text.libgcc.builtins
                0x0000000000000000        0x0 c:/program files/microchip/xc8/v2.32/avr/bin/../lib/gcc/avr/5.4.0/avrxmega3\libgcc.a(_copy_data.o)
 .text.libgcc.fmul
                0x0000000000000000        0x0 c:/program files/microchip/xc8/v2.32/avr/bin/../lib/gcc/avr/5.4.0/avrxmega3\libgcc.a(_copy_data.o)
 .text.libgcc.fixed
                0x0000000000000000        0x0 c:/program files/microchip/xc8/v2.32/avr/bin/../lib/gcc/avr/5.4.0/avrxmega3\libgcc.a(_copy_data.o)
 .text          0x0000000000000000        0x0 c:/program files/microchip/xc8/v2.32/avr/bin/../lib/gcc/avr/5.4.0/../../../../avr/lib/avrxmega3\libc.a(memcpy.o)
 .data          0x0000000000000000        0x0 c:/program files/microchip/xc8/v2.32/avr/bin/../lib/gcc/avr/5.4.0/../../../../avr/lib/avrxmega3\libc.a(memcpy.o)
 .bss           0x0000000000000000        0x0 c:/program files/microchip/xc8/v2.32/avr/bin/../lib/gcc/avr/5.4.0/../../../../avr/lib/avrxmega3\libc.a(memcpy.o)
 .stack.descriptors
                0x0000000000000000       0x14 c:/program files/microchip/xc8/v2.32/avr/bin/../lib/gcc/avr/5.4.0/../../../../avr/lib/avrxmega3\libc.a(memcpy.o)

Memory Configuration

Name             Origin             Length             Attributes
text             0x0000000000000000 0x000000000000c000 xr
data             0x0000000000802800 0x0000000000001800 rw !x
eeprom           0x0000000000810000 0x0000000000000100 rw !x
fuse             0x0000000000820000 0x000000000000000a rw !x
lock             0x0000000000830000 0x0000000000000400 rw !x
signature        0x0000000000840000 0x0000000000000400 rw !x
user_signatures  0x0000000000850000 0x0000000000000400 rw !x
*default*        0x0000000000000000 0xffffffffffffffff

Linker script and memory map

Address of section .data set to 0x802800
                0x0000000000004000                __RODATA_PM_OFFSET__ = 0x4000
LOAD C:/Program Files/Microchip/MPLABX/v5.50/packs/Microchip/ATmega_DFP/2.3.126/xc8/avr/lib/avrxmega3/crtatmega4809.o
                0x0000000000000001                __MPLAB_BUILD = 0x1
LOAD build/default/production/FreeRTOS/Source/list.o
LOAD build/default/production/FreeRTOS/Source/queue.o
LOAD build/default/production/FreeRTOS/Source/tasks.o
LOAD build/default/production/FreeRTOS/Source/timers.o
LOAD build/default/production/FreeRTOS/Source/portable/ThirdParty/Partner-Supported-Ports/GCC/AVR_Mega0/port.o
LOAD build/default/production/FreeRTOS/Source/portable/MemMang/heap_1.o
LOAD build/default/production/main.o
START GROUP
LOAD c:/program files/microchip/xc8/v2.32/avr/bin/../lib/gcc/avr/5.4.0/../../../../avr/lib/avrxmega3\libm.a
END GROUP
START GROUP
LOAD c:/program files/microchip/xc8/v2.32/avr/bin/../lib/gcc/avr/5.4.0/avrxmega3\libgcc.a
LOAD c:/program files/microchip/xc8/v2.32/avr/bin/../lib/gcc/avr/5.4.0/../../../../avr/lib/avrxmega3\libm.a
LOAD c:/program files/microchip/xc8/v2.32/avr/bin/../lib/gcc/avr/5.4.0/../../../../avr/lib/avrxmega3\libc.a
LOAD C:/Program Files/Microchip/MPLABX/v5.50/packs/Microchip/ATmega_DFP/2.3.126/xc8/avr/lib/avrxmega3\libatmega4809.a
END GROUP
                [0x0000000000000000]                __TEXT_REGION_ORIGIN__ = DEFINED (__TEXT_REGION_ORIGIN__)?__TEXT_REGION_ORIGIN__:0x0
                [0x0000000000802800]                __DATA_REGION_ORIGIN__ = DEFINED (__DATA_REGION_ORIGIN__)?__DATA_REGION_ORIGIN__:0x802000
                [0x000000000000c000]                __TEXT_REGION_LENGTH__ = DEFINED (__TEXT_REGION_LENGTH__)?__TEXT_REGION_LENGTH__:0x100000
                [0x0000000000001800]                __DATA_REGION_LENGTH__ = DEFINED (__DATA_REGION_LENGTH__)?__DATA_REGION_LENGTH__:0xffa0
                [0x0000000000000100]                __EEPROM_REGION_LENGTH__ = DEFINED (__EEPROM_REGION_LENGTH__)?__EEPROM_REGION_LENGTH__:0x10000
                [0x000000000000000a]                __FUSE_REGION_LENGTH__ = DEFINED (__FUSE_REGION_LENGTH__)?__FUSE_REGION_LENGTH__:0x400
                0x0000000000000400                __LOCK_REGION_LENGTH__ = DEFINED (__LOCK_REGION_LENGTH__)?__LOCK_REGION_LENGTH__:0x400
                0x0000000000000400                __SIGNATURE_REGION_LENGTH__ = DEFINED (__SIGNATURE_REGION_LENGTH__)?__SIGNATURE_REGION_LENGTH__:0x400
                0x0000000000000400                __USER_SIGNATURE_REGION_LENGTH__ = DEFINED (__USER_SIGNATURE_REGION_LENGTH__)?__USER_SIGNATURE_REGION_LENGTH__:0x400
                0x0000000000008000                __RODATA_PM_OFFSET__ = DEFINED (__RODATA_PM_OFFSET__)?__RODATA_PM_OFFSET__:0x8000

.hash
 *(.hash)

.dynsym
 *(.dynsym)

.dynstr
 *(.dynstr)

.gnu.version
 *(.gnu.version)

.gnu.version_d
 *(.gnu.version_d)

.gnu.version_r
 *(.gnu.version_r)

.rel.init
 *(.rel.init)

.rela.init
 *(.rela.init)

.rel.text
 *(.rel.text)
 *(.rel.text.*)
 *(.rel.gnu.linkonce.t*)

.rela.text
 *(.rela.text)
 *(.rela.text.*)
 *(.rela.gnu.linkonce.t*)

.rel.fini
 *(.rel.fini)

.rela.fini
 *(.rela.fini)

.rel.rodata
 *(.rel.rodata)
 *(.rel.rodata.*)
 *(.rel.gnu.linkonce.r*)

.rela.rodata
 *(.rela.rodata)
 *(.rela.rodata.*)
 *(.rela.gnu.linkonce.r*)

.rel.data
 *(.rel.data)
 *(.rel.data.*)
 *(.rel.gnu.linkonce.d*)

.rela.data
 *(.rela.data)
 *(.rela.data.*)
 *(.rela.gnu.linkonce.d*)

.rel.ctors
 *(.rel.ctors)

.rela.ctors
 *(.rela.ctors)

.rel.dtors
 *(.rel.dtors)

.rela.dtors
 *(.rela.dtors)

.rel.got
 *(.rel.got)

.rela.got
 *(.rela.got)

.rel.bss
 *(.rel.bss)

.rela.bss
 *(.rela.bss)

.rel.plt
 *(.rel.plt)

.rela.plt
 *(.rela.plt)

.text           0x0000000000000000      0x118
 *(.vectors)
 .vectors       0x0000000000000000       0xa0 C:/Program Files/Microchip/MPLABX/v5.50/packs/Microchip/ATmega_DFP/2.3.126/xc8/avr/lib/avrxmega3/crtatmega4809.o
                0x0000000000000000                __vector_default
                0x0000000000000000                __vectors
 *(.vectors)
 *(.progmem.gcc*)
 .progmem.gcc_sw_table.prvTimerTask
                0x00000000000000a0       0x12 build/default/production/FreeRTOS/Source/timers.o
 *(.dinit)
 .dinit         0x00000000000000b2       0x11 data_init
                0x00000000000000c4                . = ALIGN (0x2)
 *fill*         0x00000000000000c3        0x1 
                0x00000000000000c4                __trampolines_start = .
 *(.trampolines)
 .trampolines   0x00000000000000c4        0x0 linker stubs
 *(.trampolines*)
                0x00000000000000c4                __trampolines_end = .
 *libprintf_flt.a:*(.progmem.data)
 *libc.a:*(.progmem.data)
                0x00000000000000c4                . = ALIGN (0x2)
 *(.jumptables)
 *(.jumptables*)
 *(.lowtext)
 *(.lowtext*)
                0x00000000000000c4                __ctors_start = .
 *(.ctors)
                0x00000000000000c4                __ctors_end = .
                0x00000000000000c4                __dtors_start = .
 *(.dtors)
                0x00000000000000c4                __dtors_end = .
 SORT(*)(.ctors)
 SORT(*)(.dtors)
 *(.init0)
 .init0         0x00000000000000c4        0x0 C:/Program Files/Microchip/MPLABX/v5.50/packs/Microchip/ATmega_DFP/2.3.126/xc8/avr/lib/avrxmega3/crtatmega4809.o
                0x00000000000000c4                __init
 *(.init0)
 *(.init1)
 *(.init1)
 *(.init2)
 .init2         0x00000000000000c4        0xc C:/Program Files/Microchip/MPLABX/v5.50/packs/Microchip/ATmega_DFP/2.3.126/xc8/avr/lib/avrxmega3/crtatmega4809.o
 *(.init2)
 *(.init3)
 *(.init3)
 *(.init4)
 .init4         0x00000000000000d0       0x3c c:/program files/microchip/xc8/v2.32/avr/bin/../lib/gcc/avr/5.4.0/avrxmega3\libgcc.a(_copy_data.o)
                0x00000000000000d0                __do_copy_data
                0x00000000000000fe                __do_clear_bss
 *(.init4)
 *(.init5)
 *(.init5)
 *(.init6)
 *(.init6)
 *(.init7)
 *(.init7)
 *(.init8)
 *(.init8)
 *(.init9)
 .init9         0x000000000000010c        0x8 C:/Program Files/Microchip/MPLABX/v5.50/packs/Microchip/ATmega_DFP/2.3.126/xc8/avr/lib/avrxmega3/crtatmega4809.o
 *(.init9)
                0x0000000000000114                . = ALIGN (0x2)
 *(.fini9)
 .fini9         0x0000000000000114        0x0 c:/program files/microchip/xc8/v2.32/avr/bin/../lib/gcc/avr/5.4.0/avrxmega3\libgcc.a(_exit.o)
                0x0000000000000114                _exit
                0x0000000000000114                exit
 *(.fini9)
 *(.fini8)
 *(.fini8)
 *(.fini7)
 *(.fini7)
 *(.fini6)
 *(.fini6)
 *(.fini5)
 *(.fini5)
 *(.fini4)
 *(.fini4)
 *(.fini3)
 *(.fini3)
 *(.fini2)
 *(.fini2)
 *(.fini1)
 *(.fini1)
 *(.fini0)
 .fini0         0x0000000000000114        0x4 c:/program files/microchip/xc8/v2.32/avr/bin/../lib/gcc/avr/5.4.0/avrxmega3\libgcc.a(_exit.o)
 *(.fini0)
                0x0000000000000118                _etext = .

.data           0x0000000000802800        0x0 load address 0x0000000000000118
                [!provide]                        PROVIDE (__data_start, .)
 *(.gnu.linkonce.d*)
                0x0000000000802800                . = ALIGN (0x2)
                0x0000000000802800                _edata = .
                [!provide]                        PROVIDE (__data_end, .)

.bss            0x0000000000802800        0xc
                [!provide]                        PROVIDE (__bss_start, .)
 *(COMMON)
 COMMON         0x0000000000802800        0x8 build/default/production/FreeRTOS/Source/queue.o
                0x0000000000802800                xQueueRegistry
 COMMON         0x0000000000802808        0x4 build/default/production/main.o
                0x0000000000802808                intQueueForDriver
                0x000000000080280a                charQueueForError
                [!provide]                        PROVIDE (__bss_end, .)
                0x0000000000000118                __data_load_start = LOADADDR (.data)
                0x0000000000000118                __data_load_end = (__data_load_start + SIZEOF (.data))

.noinit         0x000000000080280c        0x0
                [!provide]                        PROVIDE (__noinit_start, .)
 *(.noinit*)
                [!provide]                        PROVIDE (__noinit_end, .)
                0x000000000080280c                _end = .

.eeprom         0x0000000000810000        0x0
 *(.eeprom*)
                0x0000000000810000                __eeprom_end = .

.fuse
 *(.fuse)
 *(.lfuse)
 *(.hfuse)
 *(.efuse)

.lock
 *(.lock*)

.signature
 *(.signature*)

.user_signatures
 *(.user_signatures*)

.stab
 *(.stab)

.stabstr
 *(.stabstr)

.stab.excl
 *(.stab.excl)

.stab.exclstr
 *(.stab.exclstr)

.stab.index
 *(.stab.index)

.stab.indexstr
 *(.stab.indexstr)

.comment        0x0000000000000000       0x2f
 *(.comment)
 .comment       0x0000000000000000       0x2f build/default/production/FreeRTOS/Source/list.o
                                         0x30 (size before relaxing)
 .comment       0x000000000000002f       0x30 build/default/production/FreeRTOS/Source/queue.o
 .comment       0x000000000000002f       0x30 build/default/production/FreeRTOS/Source/tasks.o
 .comment       0x000000000000002f       0x30 build/default/production/FreeRTOS/Source/timers.o
 .comment       0x000000000000002f       0x30 build/default/production/FreeRTOS/Source/portable/ThirdParty/Partner-Supported-Ports/GCC/AVR_Mega0/port.o
 .comment       0x000000000000002f       0x30 build/default/production/FreeRTOS/Source/portable/MemMang/heap_1.o
 .comment       0x000000000000002f       0x30 build/default/production/main.o

.stack.descriptors.hdr
                0x0000000000000000       0x38
 .stack.descriptors.hdr
                0x0000000000000000        0xe c:/program files/microchip/xc8/v2.32/avr/bin/../lib/gcc/avr/5.4.0/avrxmega3\libgcc.a(_udivmodhi4.o)
 .stack.descriptors.hdr
                0x000000000000000e        0xe c:/program files/microchip/xc8/v2.32/avr/bin/../lib/gcc/avr/5.4.0/avrxmega3\libgcc.a(_exit.o)
 .stack.descriptors.hdr
                0x000000000000001c        0xe c:/program files/microchip/xc8/v2.32/avr/bin/../lib/gcc/avr/5.4.0/avrxmega3\libgcc.a(_tablejump2.o)
 .stack.descriptors.hdr
                0x000000000000002a        0xe c:/program files/microchip/xc8/v2.32/avr/bin/../lib/gcc/avr/5.4.0/../../../../avr/lib/avrxmega3\libc.a(memcpy.o)

.note.gnu.build-id
 *(.note.gnu.build-id)

.debug
 *(.debug)

.line
 *(.line)

.debug_srcinfo
 *(.debug_srcinfo)

.debug_sfnames
 *(.debug_sfnames)

.debug_aranges  0x0000000000000000      0x448
 *(.debug_aranges)
 .debug_aranges
                0x0000000000000000       0x40 build/default/production/FreeRTOS/Source/list.o
 .debug_aranges
                0x0000000000000040      0x110 build/default/production/FreeRTOS/Source/queue.o
 .debug_aranges
                0x0000000000000150      0x170 build/default/production/FreeRTOS/Source/tasks.o
 .debug_aranges
                0x00000000000002c0       0xa8 build/default/production/FreeRTOS/Source/timers.o
 .debug_aranges
                0x0000000000000368       0x50 build/default/production/FreeRTOS/Source/portable/ThirdParty/Partner-Supported-Ports/GCC/AVR_Mega0/port.o
 .debug_aranges
                0x00000000000003b8       0x38 build/default/production/FreeRTOS/Source/portable/MemMang/heap_1.o
 .debug_aranges
                0x00000000000003f0       0x58 build/default/production/main.o

.debug_pubnames
 *(.debug_pubnames)

.debug_info     0x0000000000000000     0x9daf
 *(.debug_info .gnu.linkonce.wi.*)
 .debug_info    0x0000000000000000     0x248a C:/Program Files/Microchip/MPLABX/v5.50/packs/Microchip/ATmega_DFP/2.3.126/xc8/avr/lib/avrxmega3/crtatmega4809.o
 .debug_info    0x000000000000248a      0x551 build/default/production/FreeRTOS/Source/list.o
 .debug_info    0x00000000000029db     0x2291 build/default/production/FreeRTOS/Source/queue.o
 .debug_info    0x0000000000004c6c     0x26f1 build/default/production/FreeRTOS/Source/tasks.o
 .debug_info    0x000000000000735d     0x156d build/default/production/FreeRTOS/Source/timers.o
 .debug_info    0x00000000000088ca      0x67a build/default/production/FreeRTOS/Source/portable/ThirdParty/Partner-Supported-Ports/GCC/AVR_Mega0/port.o
 .debug_info    0x0000000000008f44      0x3e8 build/default/production/FreeRTOS/Source/portable/MemMang/heap_1.o
 .debug_info    0x000000000000932c      0xa83 build/default/production/main.o

.debug_abbrev   0x0000000000000000     0x315c
 *(.debug_abbrev)
 .debug_abbrev  0x0000000000000000     0x2296 C:/Program Files/Microchip/MPLABX/v5.50/packs/Microchip/ATmega_DFP/2.3.126/xc8/avr/lib/avrxmega3/crtatmega4809.o
 .debug_abbrev  0x0000000000002296      0x116 build/default/production/FreeRTOS/Source/list.o
 .debug_abbrev  0x00000000000023ac      0x2aa build/default/production/FreeRTOS/Source/queue.o
 .debug_abbrev  0x0000000000002656      0x34d build/default/production/FreeRTOS/Source/tasks.o
 .debug_abbrev  0x00000000000029a3      0x324 build/default/production/FreeRTOS/Source/timers.o
 .debug_abbrev  0x0000000000002cc7      0x17f build/default/production/FreeRTOS/Source/portable/ThirdParty/Partner-Supported-Ports/GCC/AVR_Mega0/port.o
 .debug_abbrev  0x0000000000002e46      0x111 build/default/production/FreeRTOS/Source/portable/MemMang/heap_1.o
 .debug_abbrev  0x0000000000002f57      0x205 build/default/production/main.o

.debug_line     0x0000000000000000     0x3170
 *(.debug_line .debug_line.* .debug_line_end)
 .debug_line    0x0000000000000000      0x187 C:/Program Files/Microchip/MPLABX/v5.50/packs/Microchip/ATmega_DFP/2.3.126/xc8/avr/lib/avrxmega3/crtatmega4809.o
 .debug_line    0x0000000000000187      0x21c build/default/production/FreeRTOS/Source/list.o
 .debug_line    0x00000000000003a3      0xe92 build/default/production/FreeRTOS/Source/queue.o
 .debug_line    0x0000000000001235     0x1200 build/default/production/FreeRTOS/Source/tasks.o
 .debug_line    0x0000000000002435      0x5ad build/default/production/FreeRTOS/Source/timers.o
 .debug_line    0x00000000000029e2      0x28c build/default/production/FreeRTOS/Source/portable/ThirdParty/Partner-Supported-Ports/GCC/AVR_Mega0/port.o
 .debug_line    0x0000000000002c6e      0x19f build/default/production/FreeRTOS/Source/portable/MemMang/heap_1.o
 .debug_line    0x0000000000002e0d      0x363 build/default/production/main.o

.debug_frame    0x0000000000000000      0xde4
 *(.debug_frame)
 .debug_frame   0x0000000000000000       0x88 build/default/production/FreeRTOS/Source/list.o
 .debug_frame   0x0000000000000088      0x430 build/default/production/FreeRTOS/Source/queue.o
 .debug_frame   0x00000000000004b8      0x558 build/default/production/FreeRTOS/Source/tasks.o
 .debug_frame   0x0000000000000a10      0x1fc build/default/production/FreeRTOS/Source/timers.o
 .debug_frame   0x0000000000000c0c       0x84 build/default/production/FreeRTOS/Source/portable/ThirdParty/Partner-Supported-Ports/GCC/AVR_Mega0/port.o
 .debug_frame   0x0000000000000c90       0x60 build/default/production/FreeRTOS/Source/portable/MemMang/heap_1.o
 .debug_frame   0x0000000000000cf0       0xf4 build/default/production/main.o

.debug_str      0x0000000000000000     0x17a9
 *(.debug_str)
 .debug_str     0x0000000000000000      0xf85 C:/Program Files/Microchip/MPLABX/v5.50/packs/Microchip/ATmega_DFP/2.3.126/xc8/avr/lib/avrxmega3/crtatmega4809.o
 .debug_str     0x0000000000000f85       0x2b build/default/production/FreeRTOS/Source/list.o
 .debug_str     0x0000000000000fb0      0x2e4 build/default/production/FreeRTOS/Source/queue.o
 .debug_str     0x0000000000001294      0x26a build/default/production/FreeRTOS/Source/tasks.o
 .debug_str     0x00000000000014fe      0x1fd build/default/production/FreeRTOS/Source/timers.o
 .debug_str     0x00000000000016fb       0x26 build/default/production/FreeRTOS/Source/portable/ThirdParty/Partner-Supported-Ports/GCC/AVR_Mega0/port.o
 .debug_str     0x0000000000001721       0x1f build/default/production/FreeRTOS/Source/portable/MemMang/heap_1.o
 .debug_str     0x0000000000001740       0x69 build/default/production/main.o

.debug_loc      0x0000000000000000     0x4601
 *(.debug_loc)
 .debug_loc     0x0000000000000000       0xb8 build/default/production/FreeRTOS/Source/list.o
 .debug_loc     0x00000000000000b8     0x1d5c build/default/production/FreeRTOS/Source/queue.o
 .debug_loc     0x0000000000001e14     0x1af2 build/default/production/FreeRTOS/Source/tasks.o
 .debug_loc     0x0000000000003906      0xa94 build/default/production/FreeRTOS/Source/timers.o
 .debug_loc     0x000000000000439a       0xbb build/default/production/FreeRTOS/Source/portable/ThirdParty/Partner-Supported-Ports/GCC/AVR_Mega0/port.o
 .debug_loc     0x0000000000004455       0xe0 build/default/production/FreeRTOS/Source/portable/MemMang/heap_1.o
 .debug_loc     0x0000000000004535       0xcc build/default/production/main.o

.debug_macinfo
 *(.debug_macinfo)

.debug_weaknames
 *(.debug_weaknames)

.debug_funcnames
 *(.debug_funcnames)

.debug_typenames
 *(.debug_typenames)

.debug_varnames
 *(.debug_varnames)

.debug_pubtypes
 *(.debug_pubtypes)

.debug_ranges   0x0000000000000000      0x4d8
 *(.debug_ranges)
 .debug_ranges  0x0000000000000000       0x30 build/default/production/FreeRTOS/Source/list.o
 .debug_ranges  0x0000000000000030      0x148 build/default/production/FreeRTOS/Source/queue.o
 .debug_ranges  0x0000000000000178      0x1c8 build/default/production/FreeRTOS/Source/tasks.o
 .debug_ranges  0x0000000000000340       0xe8 build/default/production/FreeRTOS/Source/timers.o
 .debug_ranges  0x0000000000000428       0x40 build/default/production/FreeRTOS/Source/portable/ThirdParty/Partner-Supported-Ports/GCC/AVR_Mega0/port.o
 .debug_ranges  0x0000000000000468       0x28 build/default/production/FreeRTOS/Source/portable/MemMang/heap_1.o
 .debug_ranges  0x0000000000000490       0x48 build/default/production/main.o

.debug_macro
 *(.debug_macro)
OUTPUT(dist/default/production/W06E01_DigitDisplay.X.production.elf elf32-avr)
LOAD linker stubs
LOAD data_init

.note.gnu.avr.deviceinfo
                0x0000000000000000       0x40
 .note.gnu.avr.deviceinfo
                0x0000000000000000       0x40 C:/Program Files/Microchip/MPLABX/v5.50/packs/Microchip/ATmega_DFP/2.3.126/xc8/avr/lib/avrxmega3/crtatmega4809.o

.bss.uxSchedulerSuspended
                0x0000000000803882        0x1
 .bss.uxSchedulerSuspended
                0x0000000000803882        0x1 build/default/production/FreeRTOS/Source/tasks.o

.bss.xIdleTaskHandle
                0x0000000000803866        0x2
 .bss.xIdleTaskHandle
                0x0000000000803866        0x2 build/default/production/FreeRTOS/Source/tasks.o

.bss.xNextTaskUnblockTime
                0x0000000000803868        0x2
 .bss.xNextTaskUnblockTime
                0x0000000000803868        0x2 build/default/production/FreeRTOS/Source/tasks.o

.bss.uxTaskNumber
                0x0000000000803884        0x1
 .bss.uxTaskNumber
                0x0000000000803884        0x1 build/default/production/FreeRTOS/Source/tasks.o

.bss.xNumOfOverflows
                0x0000000000803885        0x1
 .bss.xNumOfOverflows
                0x0000000000803885        0x1 build/default/production/FreeRTOS/Source/tasks.o

.bss.xYieldPending
                0x0000000000803886        0x1
 .bss.xYieldPending
                0x0000000000803886        0x1 build/default/production/FreeRTOS/Source/tasks.o

.bss.xPendedTicks
                0x000000000080386a        0x2
 .bss.xPendedTicks
                0x000000000080386a        0x2 build/default/production/FreeRTOS/Source/tasks.o

.bss.xSchedulerRunning
                0x0000000000803887        0x1
 .bss.xSchedulerRunning
                0x0000000000803887        0x1 build/default/production/FreeRTOS/Source/tasks.o

.bss.uxTopReadyPriority
                0x0000000000803888        0x1
 .bss.uxTopReadyPriority
                0x0000000000803888        0x1 build/default/production/FreeRTOS/Source/tasks.o

.bss.xTickCount
                0x000000000080386c        0x2
 .bss.xTickCount
                0x000000000080386c        0x2 build/default/production/FreeRTOS/Source/tasks.o

.bss.uxCurrentNumberOfTasks
                0x0000000000803889        0x1
 .bss.uxCurrentNumberOfTasks
                0x0000000000803889        0x1 build/default/production/FreeRTOS/Source/tasks.o

.bss.xSuspendedTaskList
                0x0000000000803830        0x9
 .bss.xSuspendedTaskList
                0x0000000000803830        0x9 build/default/production/FreeRTOS/Source/tasks.o

.bss.xPendingReadyList
                0x0000000000803839        0x9
 .bss.xPendingReadyList
                0x0000000000803839        0x9 build/default/production/FreeRTOS/Source/tasks.o

.bss.pxOverflowDelayedTaskList
                0x000000000080386e        0x2
 .bss.pxOverflowDelayedTaskList
                0x000000000080386e        0x2 build/default/production/FreeRTOS/Source/tasks.o

.bss.pxDelayedTaskList
                0x0000000000803870        0x2
 .bss.pxDelayedTaskList
                0x0000000000803870        0x2 build/default/production/FreeRTOS/Source/tasks.o

.bss.xDelayedTaskList2
                0x0000000000803842        0x9
 .bss.xDelayedTaskList2
                0x0000000000803842        0x9 build/default/production/FreeRTOS/Source/tasks.o

.bss.xDelayedTaskList1
                0x000000000080384b        0x9
 .bss.xDelayedTaskList1
                0x000000000080384b        0x9 build/default/production/FreeRTOS/Source/tasks.o

.bss.pxReadyTasksLists
                0x000000000080380c       0x24
 .bss.pxReadyTasksLists
                0x000000000080380c       0x24 build/default/production/FreeRTOS/Source/tasks.o

.bss.pxCurrentTCB
                0x0000000000803872        0x2
 .bss.pxCurrentTCB
                0x0000000000803872        0x2 build/default/production/FreeRTOS/Source/tasks.o
                0x0000000000803872                pxCurrentTCB

.bss.xLastTime.3758
                0x0000000000803874        0x2
 .bss.xLastTime.3758
                0x0000000000803874        0x2 build/default/production/FreeRTOS/Source/timers.o

.bss.xTimerTaskHandle
                0x0000000000803876        0x2
 .bss.xTimerTaskHandle
                0x0000000000803876        0x2 build/default/production/FreeRTOS/Source/timers.o

.bss.xTimerQueue
                0x0000000000803878        0x2
 .bss.xTimerQueue
                0x0000000000803878        0x2 build/default/production/FreeRTOS/Source/timers.o

.bss.pxOverflowTimerList
                0x000000000080387a        0x2
 .bss.pxOverflowTimerList
                0x000000000080387a        0x2 build/default/production/FreeRTOS/Source/timers.o

.bss.pxCurrentTimerList
                0x000000000080387c        0x2
 .bss.pxCurrentTimerList
                0x000000000080387c        0x2 build/default/production/FreeRTOS/Source/timers.o

.bss.xActiveTimerList2
                0x0000000000803854        0x9
 .bss.xActiveTimerList2
                0x0000000000803854        0x9 build/default/production/FreeRTOS/Source/timers.o

.bss.xActiveTimerList1
                0x000000000080385d        0x9
 .bss.xActiveTimerList1
                0x000000000080385d        0x9 build/default/production/FreeRTOS/Source/timers.o

.bss.pucAlignedHeap.3440
                0x000000000080387e        0x2
 .bss.pucAlignedHeap.3440
                0x000000000080387e        0x2 build/default/production/FreeRTOS/Source/portable/MemMang/heap_1.o

.bss.xNextFreeByte
                0x0000000000803880        0x2
 .bss.xNextFreeByte
                0x0000000000803880        0x2 build/default/production/FreeRTOS/Source/portable/MemMang/heap_1.o

.bss.ucHeap     0x000000000080280c     0x1000
 .bss.ucHeap    0x000000000080280c     0x1000 build/default/production/FreeRTOS/Source/portable/MemMang/heap_1.o

.text.xTaskCreate
                0x0000000000000118      0x266
 .text.xTaskCreate
                0x0000000000000118      0x266 build/default/production/FreeRTOS/Source/tasks.o
                0x0000000000000118                xTaskCreate

.text.xTaskIncrementTick
                0x000000000000037e      0x232
 .text.xTaskIncrementTick
                0x000000000000037e      0x232 build/default/production/FreeRTOS/Source/tasks.o
                0x000000000000037e                xTaskIncrementTick

.text.xTaskResumeAll
                0x00000000000005b0      0x1bc
 .text.xTaskResumeAll
                0x00000000000005b0      0x1bc build/default/production/FreeRTOS/Source/tasks.o
                0x00000000000005b0                xTaskResumeAll

.text.prvTimerTask
                0x000000000000076c      0x1b6
 .text.prvTimerTask
                0x000000000000076c      0x1b6 build/default/production/FreeRTOS/Source/timers.o

.text.xTaskRemoveFromEventList
                0x0000000000000922      0x17c
 .text.xTaskRemoveFromEventList
                0x0000000000000922      0x17c build/default/production/FreeRTOS/Source/tasks.o
                0x0000000000000922                xTaskRemoveFromEventList

.text.xQueueGenericSend
                0x0000000000000a9e      0x138
 .text.xQueueGenericSend
                0x0000000000000a9e      0x138 build/default/production/FreeRTOS/Source/queue.o
                0x0000000000000a9e                xQueueGenericSend

.text.xQueueReceive
                0x0000000000000bd6      0x128
 .text.xQueueReceive
                0x0000000000000bd6      0x128 build/default/production/FreeRTOS/Source/queue.o
                0x0000000000000bd6                xQueueReceive

.text.prvAddCurrentTaskToDelayedList
                0x0000000000000cfe      0x102
 .text.prvAddCurrentTaskToDelayedList
                0x0000000000000cfe      0x102 build/default/production/FreeRTOS/Source/tasks.o

.text.vTaskSwitchContext
                0x0000000000000e00       0xcc
 .text.vTaskSwitchContext
                0x0000000000000e00       0xcc build/default/production/FreeRTOS/Source/tasks.o
                0x0000000000000e00                vTaskSwitchContext

.text.xQueueGenericReset
                0x0000000000000ecc       0xc6
 .text.xQueueGenericReset
                0x0000000000000ecc       0xc6 build/default/production/FreeRTOS/Source/queue.o
                0x0000000000000ecc                xQueueGenericReset

.text.xTaskPriorityDisinherit
                0x0000000000000f92       0xc6
 .text.xTaskPriorityDisinherit
                0x0000000000000f92       0xc6 build/default/production/FreeRTOS/Source/tasks.o
                0x0000000000000f92                xTaskPriorityDisinherit

.text.prvCopyDataToQueue
                0x0000000000001058       0xbe
 .text.prvCopyDataToQueue
                0x0000000000001058       0xbe build/default/production/FreeRTOS/Source/queue.o

.text.vPortYieldFromTick
                0x0000000000001116       0xb8
 .text.vPortYieldFromTick
                0x0000000000001116       0xb8 build/default/production/FreeRTOS/Source/portable/ThirdParty/Partner-Supported-Ports/GCC/AVR_Mega0/port.o
                0x0000000000001116                vPortYieldFromTick

.text.vPortYield
                0x00000000000011ce       0xb2
 .text.vPortYield
                0x00000000000011ce       0xb2 build/default/production/FreeRTOS/Source/portable/ThirdParty/Partner-Supported-Ports/GCC/AVR_Mega0/port.o
                0x00000000000011ce                vPortYield

.text.prvUnlockQueue
                0x0000000000001280       0x9a
 .text.prvUnlockQueue
                0x0000000000001280       0x9a build/default/production/FreeRTOS/Source/queue.o

.text.vTaskPlaceOnEventListRestricted
                0x000000000000131a       0x92
 .text.vTaskPlaceOnEventListRestricted
                0x000000000000131a       0x92 build/default/production/FreeRTOS/Source/tasks.o
                0x000000000000131a                vTaskPlaceOnEventListRestricted

.text.vQueueAddToRegistry
                0x00000000000013ac       0x8a
 .text.vQueueAddToRegistry
                0x00000000000013ac       0x8a build/default/production/FreeRTOS/Source/queue.o
                0x00000000000013ac                vQueueAddToRegistry

.text.xQueueGenericCreate
                0x0000000000001436       0x84
 .text.xQueueGenericCreate
                0x0000000000001436       0x84 build/default/production/FreeRTOS/Source/queue.o
                0x0000000000001436                xQueueGenericCreate

.text.prvSampleTimeNow
                0x00000000000014ba       0x84
 .text.prvSampleTimeNow
                0x00000000000014ba       0x84 build/default/production/FreeRTOS/Source/timers.o

.text.driverTask
                0x000000000000153e       0x7e
 .text.driverTask
                0x000000000000153e       0x7e build/default/production/main.o
                0x000000000000153e                driverTask

.text.pvPortMalloc
                0x00000000000015bc       0x74
 .text.pvPortMalloc
                0x00000000000015bc       0x74 build/default/production/FreeRTOS/Source/portable/MemMang/heap_1.o
                0x00000000000015bc                pvPortMalloc

.text.xTaskCheckForTimeOut
                0x0000000000001630       0x72
 .text.xTaskCheckForTimeOut
                0x0000000000001630       0x72 build/default/production/FreeRTOS/Source/tasks.o
                0x0000000000001630                xTaskCheckForTimeOut

.text.readerTask
                0x00000000000016a2       0x70
 .text.readerTask
                0x00000000000016a2       0x70 build/default/production/main.o
                0x00000000000016a2                readerTask

.text.xPortStartScheduler
                0x0000000000001712       0x6a
 .text.xPortStartScheduler
                0x0000000000001712       0x6a build/default/production/FreeRTOS/Source/portable/ThirdParty/Partner-Supported-Ports/GCC/AVR_Mega0/port.o
                0x0000000000001712                xPortStartScheduler

.text.vListInsert
                0x000000000000177c       0x62
 .text.vListInsert
                0x000000000000177c       0x62 build/default/production/FreeRTOS/Source/list.o
                0x000000000000177c                vListInsert

.text.vTaskStartScheduler
                0x00000000000017de       0x60
 .text.vTaskStartScheduler
                0x00000000000017de       0x60 build/default/production/FreeRTOS/Source/tasks.o
                0x00000000000017de                vTaskStartScheduler

.text.prvInsertTimerInActiveList
                0x000000000000183e       0x5e
 .text.prvInsertTimerInActiveList
                0x000000000000183e       0x5e build/default/production/FreeRTOS/Source/timers.o

.text.prvCheckForValidListAndQueue
                0x000000000000189c       0x5e
 .text.prvCheckForValidListAndQueue
                0x000000000000189c       0x5e build/default/production/FreeRTOS/Source/timers.o

.text.main      0x00000000000018fa       0x5c
 .text.main     0x00000000000018fa       0x5c build/default/production/main.o
                0x00000000000018fa                main

.text.prvProcessExpiredTimer
                0x0000000000001956       0x56
 .text.prvProcessExpiredTimer
                0x0000000000001956       0x56 build/default/production/FreeRTOS/Source/timers.o

.rodata         0x00000000008059ac       0x53 load address 0x00000000000019ac
 .rodata        0x00000000008059ac       0x53 build/default/production/main.o

.data.uxTopUsedPriority
                0x0000000000803883        0x1 load address 0x00000000000019ff
 .data.uxTopUsedPriority
                0x0000000000803883        0x1 build/default/production/FreeRTOS/Source/tasks.o
                0x0000000000803883                uxTopUsedPriority

.text.uxListRemove
                0x0000000000001a00       0x4e
 .text.uxListRemove
                0x0000000000001a00       0x4e build/default/production/FreeRTOS/Source/list.o
                0x0000000000001a00                uxListRemove

.text.prvReloadTimer
                0x0000000000001a4e       0x48
 .text.prvReloadTimer
                0x0000000000001a4e       0x48 build/default/production/FreeRTOS/Source/timers.o

.text.xTimerCreateTimerTask
                0x0000000000001a96       0x44
 .text.xTimerCreateTimerTask
                0x0000000000001a96       0x44 build/default/production/FreeRTOS/Source/timers.o
                0x0000000000001a96                xTimerCreateTimerTask

.text.USART0_sendString
                0x0000000000001ada       0x44
 .text.USART0_sendString
                0x0000000000001ada       0x44 build/default/production/main.o
                0x0000000000001ada                USART0_sendString

.text.senderTask
                0x0000000000001b1e       0x40
 .text.senderTask
                0x0000000000001b1e       0x40 build/default/production/main.o
                0x0000000000001b1e                senderTask

.text.vQueueWaitForMessageRestricted
                0x0000000000001b5e       0x3a
 .text.vQueueWaitForMessageRestricted
                0x0000000000001b5e       0x3a build/default/production/FreeRTOS/Source/queue.o
                0x0000000000001b5e                vQueueWaitForMessageRestricted

.text.prvResetNextTaskUnblockTime
                0x0000000000001b98       0x38
 .text.prvResetNextTaskUnblockTime
                0x0000000000001b98       0x38 build/default/production/FreeRTOS/Source/tasks.o

.text.prvCopyDataFromQueue
                0x0000000000001bd0       0x34
 .text.prvCopyDataFromQueue
                0x0000000000001bd0       0x34 build/default/production/FreeRTOS/Source/queue.o

.text.libgcc.div
                0x0000000000001c04       0x28
 .text.libgcc.div
                0x0000000000001c04       0x28 c:/program files/microchip/xc8/v2.32/avr/bin/../lib/gcc/avr/5.4.0/avrxmega3\libgcc.a(_udivmodhi4.o)
                0x0000000000001c04                __udivmodhi4

.text.USART0_init
                0x0000000000001c2c       0x26
 .text.USART0_init
                0x0000000000001c2c       0x26 build/default/production/main.o
                0x0000000000001c2c                USART0_init

.text.vTaskPlaceOnEventList
                0x0000000000001c52       0x24
 .text.vTaskPlaceOnEventList
                0x0000000000001c52       0x24 build/default/production/FreeRTOS/Source/tasks.o
                0x0000000000001c52                vTaskPlaceOnEventList

.text.pxPortInitialiseStack
                0x0000000000001c76       0x22
 .text.pxPortInitialiseStack
                0x0000000000001c76       0x22 build/default/production/FreeRTOS/Source/portable/ThirdParty/Partner-Supported-Ports/GCC/AVR_Mega0/port.o
                0x0000000000001c76                pxPortInitialiseStack

.text.vListInitialise
                0x0000000000001c98       0x1c
 .text.vListInitialise
                0x0000000000001c98       0x1c build/default/production/FreeRTOS/Source/list.o
                0x0000000000001c98                vListInitialise

.text.prvIsQueueEmpty
                0x0000000000001cb4       0x16
 .text.prvIsQueueEmpty
                0x0000000000001cb4       0x16 build/default/production/FreeRTOS/Source/queue.o

.text.vTaskInternalSetTimeOutState
                0x0000000000001cca       0x16
 .text.vTaskInternalSetTimeOutState
                0x0000000000001cca       0x16 build/default/production/FreeRTOS/Source/tasks.o
                0x0000000000001cca                vTaskInternalSetTimeOutState

.text.xTaskGetTickCount
                0x0000000000001ce0       0x14
 .text.xTaskGetTickCount
                0x0000000000001ce0       0x14 build/default/production/FreeRTOS/Source/tasks.o
                0x0000000000001ce0                xTaskGetTickCount

.text.avrlibc   0x0000000000001cf4       0x12
 .text.avrlibc  0x0000000000001cf4       0x12 c:/program files/microchip/xc8/v2.32/avr/bin/../lib/gcc/avr/5.4.0/../../../../avr/lib/avrxmega3\libc.a(memcpy.o)
                0x0000000000001cf4                memcpy

.text.prvIdleTask
                0x0000000000001d06       0x10
 .text.prvIdleTask
                0x0000000000001d06       0x10 build/default/production/FreeRTOS/Source/tasks.o

.text.__vector_12
                0x0000000000001d16       0x10
 .text.__vector_12
                0x0000000000001d16       0x10 build/default/production/FreeRTOS/Source/portable/ThirdParty/Partner-Supported-Ports/GCC/AVR_Mega0/port.o
                0x0000000000001d16                __vector_12

.text.USART0_readChar
                0x0000000000001d26       0x10
 .text.USART0_readChar
                0x0000000000001d26       0x10 build/default/production/main.o
                0x0000000000001d26                USART0_readChar

.text.USART0_sendChar
                0x0000000000001d36       0x10
 .text.USART0_sendChar
                0x0000000000001d36       0x10 build/default/production/main.o
                0x0000000000001d36                USART0_sendChar

.rodata         0x0000000000805d46        0xd load address 0x0000000000001d46
 .rodata        0x0000000000805d46        0xd build/default/production/FreeRTOS/Source/timers.o

.text.vTaskSuspendAll
                0x0000000000001d54        0xc
 .text.vTaskSuspendAll
                0x0000000000001d54        0xc build/default/production/FreeRTOS/Source/tasks.o
                0x0000000000001d54                vTaskSuspendAll

.text.libgcc    0x0000000000001d60        0xc
 .text.libgcc   0x0000000000001d60        0xc c:/program files/microchip/xc8/v2.32/avr/bin/../lib/gcc/avr/5.4.0/avrxmega3\libgcc.a(_tablejump2.o)
                0x0000000000001d60                __tablejump2__

.text.vListInitialiseItem
                0x0000000000001d6c        0x8
 .text.vListInitialiseItem
                0x0000000000001d6c        0x8 build/default/production/FreeRTOS/Source/list.o
                0x0000000000001d6c                vListInitialiseItem

.text.vTaskMissedYield
                0x0000000000001d74        0x8
 .text.vTaskMissedYield
                0x0000000000001d74        0x8 build/default/production/FreeRTOS/Source/tasks.o
                0x0000000000001d74                vTaskMissedYield

.rodata         0x0000000000805d7c        0x5 load address 0x0000000000001d7c
 .rodata        0x0000000000805d7c        0x5 build/default/production/FreeRTOS/Source/tasks.o

.text           0x0000000000001d82        0x4
 .text          0x0000000000001d82        0x4 C:/Program Files/Microchip/MPLABX/v5.50/packs/Microchip/ATmega_DFP/2.3.126/xc8/avr/lib/avrxmega3/crtatmega4809.o
                0x0000000000001d82                __vector_38
                0x0000000000001d82                __vector_22
                0x0000000000001d82                __vector_28
                0x0000000000001d82                __vector_1
                0x0000000000001d82                __vector_32
                0x0000000000001d82                __vector_34
                0x0000000000001d82                __vector_24
                0x0000000000001d82                __bad_interrupt
                0x0000000000001d82                __vector_6
                0x0000000000001d82                __vector_31
                0x0000000000001d82                __vector_35
                0x0000000000001d82                __vector_39
                0x0000000000001d82                __vector_3
                0x0000000000001d82                __vector_23
                0x0000000000001d82                __vector_30
                0x0000000000001d82                __vector_25
                0x0000000000001d82                __vector_11
                0x0000000000001d82                __vector_13
                0x0000000000001d82                __vector_17
                0x0000000000001d82                __vector_19
                0x0000000000001d82                __vector_7
                0x0000000000001d82                __vector_27
                0x0000000000001d82                __vector_5
                0x0000000000001d82                __vector_33
                0x0000000000001d82                __vector_37
                0x0000000000001d82                __vector_4
                0x0000000000001d82                __vector_9
                0x0000000000001d82                __vector_2
                0x0000000000001d82                __vector_21
                0x0000000000001d82                __vector_15
                0x0000000000001d82                __vector_36
                0x0000000000001d82                __vector_29
                0x0000000000001d82                __vector_8
                0x0000000000001d82                __vector_26
                0x0000000000001d82                __vector_14
                0x0000000000001d82                __vector_10
                0x0000000000001d82                __vector_16
                0x0000000000001d82                __vector_18
                0x0000000000001d82                __vector_20

.text.vPortFree
                0x0000000000001d86        0x2
 .text.vPortFree
                0x0000000000001d86        0x2 build/default/production/FreeRTOS/Source/portable/MemMang/heap_1.o
                0x0000000000001d86                vPortFree
